// Jest Snapshot v1, https://goo.gl/fbAQLP

exports[`Counter component should be equal to snapshot 1`] = `
<div>
  <h1>100</h1>
  <p>100<sup>2</sup> = 200</p><button>+</button><button>-</button><button class="btn btn-danger">RESET</button>
</div>
`;
